// Jest Snapshot v1, https://goo.gl/fbAQLP

exports[`test filter 1`] = `
<select
  aria-label="dropdown"
>
  <option
    value="all"
  >
    All
  </option>
  <option
    value="Fire"
  >
    Fire
  </option>
  <option
    value="Bug"
  >
    Bug
  </option>
  <option
    value="Water"
  >
    Water
  </option>
</select>
`;
